// Jest Snapshot v1, https://goo.gl/fbAQLP

exports[`renders correctly 1`] = `
<div
  className="loading"
>
  <div
    className="spinner-border"
    role="status"
    style={
      Object {
        "height": "5rem",
        "width": "5rem",
      }
    }
  >
    <span
      className="sr-only"
    >
      Loading...
    </span>
  </div>
</div>
`;
